Category: 📺央视频道, Name: CCTV-2, Total: 6, Valid: 6, Valid Percent: 100.00%, Whitelist: 0, IPv4: 6, IPv6: 0, Min Delay: 339 ms, Max Speed: 11.11 M/s, Avg Speed: 5.58 M/s, Max Resolution: 1920x1080
Category: 📺央视频道, Name: CCTV-3, Total: 4, Valid: 4, Valid Percent: 100.00%, Whitelist: 0, IPv4: 4, IPv6: 0, Min Delay: 55 ms, Max Speed: 89.68 M/s, Avg Speed: 67.56 M/s, Max Resolution: 1920x1080
Category: 📺央视频道, Name: CCTV-4, Total: 6, Valid: 6, Valid Percent: 100.00%, Whitelist: 0, IPv4: 6, IPv6: 0, Min Delay: 55 ms, Max Speed: 89.68 M/s, Avg Speed: 75.47 M/s, Max Resolution: 1920x1080
Category: 📺央视频道, Name: CCTV-5, Total: 19, Valid: 17, Valid Percent: 89.47%, Whitelist: 0, IPv4: 19, IPv6: 0, Min Delay: 55 ms, Max Speed: 89.68 M/s, Avg Speed: 31.86 M/s, Max Resolution: 1920x1080
Category: 📺央视频道, Name: CCTV-5+, Total: 2, Valid: 2, Valid Percent: 100.00%, Whitelist: 0, IPv4: 2, IPv6: 0, Min Delay: 296 ms, Max Speed: 10.66 M/s, Avg Speed: 9.35 M/s, Max Resolution: 1920x1080
Category: 📺央视频道, Name: CCTV-6, Total: 19, Valid: 18, Valid Percent: 94.74%, Whitelist: 0, IPv4: 19, IPv6: 0, Min Delay: 55 ms, Max Speed: 89.68 M/s, Avg Speed: 37.31 M/s, Max Resolution: 1920x1080
Category: 📺央视频道, Name: CCTV-7, Total: 19, Valid: 18, Valid Percent: 94.74%, Whitelist: 0, IPv4: 19, IPv6: 0, Min Delay: 55 ms, Max Speed: 89.68 M/s, Avg Speed: 37.96 M/s, Max Resolution: 1920x1080
Category: 📺央视频道, Name: CCTV-8, Total: 25, Valid: 24, Valid Percent: 96.00%, Whitelist: 0, IPv4: 25, IPv6: 0, Min Delay: 55 ms, Max Speed: 89.68 M/s, Avg Speed: 26.08 M/s, Max Resolution: 1920x1080
Category: 📺央视频道, Name: CCTV-9, Total: 20, Valid: 19, Valid Percent: 95.00%, Whitelist: 0, IPv4: 20, IPv6: 0, Min Delay: 55 ms, Max Speed: 89.68 M/s, Avg Speed: 36.16 M/s, Max Resolution: 1920x1080
Category: 📺央视频道, Name: CCTV-10, Total: 27, Valid: 26, Valid Percent: 96.30%, Whitelist: 0, IPv4: 27, IPv6: 0, Min Delay: 55 ms, Max Speed: 89.68 M/s, Avg Speed: 26.55 M/s, Max Resolution: 1920x1080
Category: 📺央视频道, Name: CCTV-11, Total: 21, Valid: 20, Valid Percent: 95.24%, Whitelist: 0, IPv4: 21, IPv6: 0, Min Delay: 55 ms, Max Speed: 89.68 M/s, Avg Speed: 30.07 M/s, Max Resolution: 1920x1080
Category: 📺央视频道, Name: CCTV-12, Total: 22, Valid: 21, Valid Percent: 95.45%, Whitelist: 0, IPv4: 22, IPv6: 0, Min Delay: 55 ms, Max Speed: 89.68 M/s, Avg Speed: 32.91 M/s, Max Resolution: 1920x1080
Category: 📺央视频道, Name: CCTV-13, Total: 22, Valid: 21, Valid Percent: 95.45%, Whitelist: 0, IPv4: 22, IPv6: 0, Min Delay: 55 ms, Max Speed: 89.68 M/s, Avg Speed: 32.57 M/s, Max Resolution: 1920x1080
Category: 📺央视频道, Name: CCTV-14, Total: 24, Valid: 23, Valid Percent: 95.83%, Whitelist: 0, IPv4: 24, IPv6: 0, Min Delay: 55 ms, Max Speed: 89.68 M/s, Avg Speed: 30.42 M/s, Max Resolution: 1920x1080
Category: 📺央视频道, Name: CCTV-15, Total: 24, Valid: 23, Valid Percent: 95.83%, Whitelist: 0, IPv4: 24, IPv6: 0, Min Delay: 55 ms, Max Speed: 89.68 M/s, Avg Speed: 30.75 M/s, Max Resolution: 1920x1080
Category: 📺央视频道, Name: CCTV-16, Total: 18, Valid: 18, Valid Percent: 100.00%, Whitelist: 0, IPv4: 18, IPv6: 0, Min Delay: 55 ms, Max Speed: 89.68 M/s, Avg Speed: 24.07 M/s, Max Resolution: 1920x1080
Category: 📺央视频道, Name: CCTV-17, Total: 20, Valid: 20, Valid Percent: 100.00%, Whitelist: 0, IPv4: 20, IPv6: 0, Min Delay: 55 ms, Max Speed: 89.68 M/s, Avg Speed: 34.50 M/s, Max Resolution: 1920x1080
Category: 📡卫视频道, Name: 广东卫视, Total: 16, Valid: 15, Valid Percent: 93.75%, Whitelist: 0, IPv4: 16, IPv6: 0, Min Delay: 55 ms, Max Speed: 89.68 M/s, Avg Speed: 44.14 M/s, Max Resolution: 1920x1080
Category: 📡卫视频道, Name: 浙江卫视, Total: 15, Valid: 15, Valid Percent: 100.00%, Whitelist: 0, IPv4: 15, IPv6: 0, Min Delay: 55 ms, Max Speed: 89.68 M/s, Avg Speed: 38.58 M/s, Max Resolution: 1920x1080
Category: 📡卫视频道, Name: 湖南卫视, Total: 24, Valid: 23, Valid Percent: 95.83%, Whitelist: 0, IPv4: 24, IPv6: 0, Min Delay: 55 ms, Max Speed: 89.68 M/s, Avg Speed: 32.10 M/s, Max Resolution: 1920x1080
Category: 📡卫视频道, Name: 北京卫视, Total: 18, Valid: 17, Valid Percent: 94.44%, Whitelist: 0, IPv4: 18, IPv6: 0, Min Delay: 55 ms, Max Speed: 89.68 M/s, Avg Speed: 34.65 M/s, Max Resolution: 1920x1080
Category: 📡卫视频道, Name: 湖北卫视, Total: 16, Valid: 15, Valid Percent: 93.75%, Whitelist: 0, IPv4: 16, IPv6: 0, Min Delay: 55 ms, Max Speed: 89.68 M/s, Avg Speed: 44.62 M/s, Max Resolution: 1920x1080
Category: 📡卫视频道, Name: 黑龙江卫视, Total: 15, Valid: 14, Valid Percent: 93.33%, Whitelist: 0, IPv4: 15, IPv6: 0, Min Delay: 55 ms, Max Speed: 89.68 M/s, Avg Speed: 47.23 M/s, Max Resolution: 1920x1080
Category: 📡卫视频道, Name: 安徽卫视, Total: 17, Valid: 16, Valid Percent: 94.12%, Whitelist: 0, IPv4: 17, IPv6: 0, Min Delay: 55 ms, Max Speed: 89.68 M/s, Avg Speed: 41.64 M/s, Max Resolution: 1920x1080
Category: 📡卫视频道, Name: 重庆卫视, Total: 17, Valid: 16, Valid Percent: 94.12%, Whitelist: 0, IPv4: 17, IPv6: 0, Min Delay: 55 ms, Max Speed: 89.68 M/s, Avg Speed: 47.44 M/s, Max Resolution: 1920x1080
Category: 📡卫视频道, Name: 东方卫视, Total: 20, Valid: 19, Valid Percent: 95.00%, Whitelist: 0, IPv4: 20, IPv6: 0, Min Delay: 55 ms, Max Speed: 89.68 M/s, Avg Speed: 42.79 M/s, Max Resolution: 1920x1080
Category: 📡卫视频道, Name: 东南卫视, Total: 17, Valid: 16, Valid Percent: 94.12%, Whitelist: 0, IPv4: 17, IPv6: 0, Min Delay: 55 ms, Max Speed: 89.68 M/s, Avg Speed: 52.73 M/s, Max Resolution: 1920x1080
Category: 📡卫视频道, Name: 甘肃卫视, Total: 11, Valid: 11, Valid Percent: 100.00%, Whitelist: 0, IPv4: 11, IPv6: 0, Min Delay: 55 ms, Max Speed: 89.68 M/s, Avg Speed: 58.93 M/s, Max Resolution: 1920x1080
Category: 📡卫视频道, Name: 广西卫视, Total: 17, Valid: 15, Valid Percent: 88.24%, Whitelist: 0, IPv4: 17, IPv6: 0, Min Delay: 55 ms, Max Speed: 89.68 M/s, Avg Speed: 56.14 M/s, Max Resolution: 1920x1080
Category: 📡卫视频道, Name: 贵州卫视, Total: 18, Valid: 17, Valid Percent: 94.44%, Whitelist: 0, IPv4: 18, IPv6: 0, Min Delay: 55 ms, Max Speed: 89.68 M/s, Avg Speed: 54.72 M/s, Max Resolution: 1920x1080
Category: 📡卫视频道, Name: 海南卫视, Total: 10, Valid: 10, Valid Percent: 100.00%, Whitelist: 0, IPv4: 10, IPv6: 0, Min Delay: 55 ms, Max Speed: 89.68 M/s, Avg Speed: 64.10 M/s, Max Resolution: 1920x1080
Category: 📡卫视频道, Name: 河北卫视, Total: 18, Valid: 17, Valid Percent: 94.44%, Whitelist: 0, IPv4: 18, IPv6: 0, Min Delay: 55 ms, Max Speed: 89.68 M/s, Avg Speed: 49.48 M/s, Max Resolution: 1920x1080
Category: 📡卫视频道, Name: 河南卫视, Total: 20, Valid: 19, Valid Percent: 95.00%, Whitelist: 0, IPv4: 20, IPv6: 0, Min Delay: 55 ms, Max Speed: 89.68 M/s, Avg Speed: 49.23 M/s, Max Resolution: 1920x1080
Category: 📡卫视频道, Name: 吉林卫视, Total: 14, Valid: 13, Valid Percent: 92.86%, Whitelist: 0, IPv4: 14, IPv6: 0, Min Delay: 55 ms, Max Speed: 89.68 M/s, Avg Speed: 43.97 M/s, Max Resolution: 1920x1080
Category: 📡卫视频道, Name: 江苏卫视, Total: 19, Valid: 18, Valid Percent: 94.74%, Whitelist: 0, IPv4: 19, IPv6: 0, Min Delay: 55 ms, Max Speed: 89.68 M/s, Avg Speed: 40.19 M/s, Max Resolution: 1920x1080
Category: 📡卫视频道, Name: 江西卫视, Total: 15, Valid: 14, Valid Percent: 93.33%, Whitelist: 0, IPv4: 15, IPv6: 0, Min Delay: 55 ms, Max Speed: 89.68 M/s, Avg Speed: 47.23 M/s, Max Resolution: 1920x1080
Category: 📡卫视频道, Name: 辽宁卫视, Total: 17, Valid: 16, Valid Percent: 94.12%, Whitelist: 0, IPv4: 17, IPv6: 0, Min Delay: 55 ms, Max Speed: 89.68 M/s, Avg Speed: 47.44 M/s, Max Resolution: 1920x1080
Category: 📡卫视频道, Name: 内蒙古卫视, Total: 11, Valid: 11, Valid Percent: 100.00%, Whitelist: 0, IPv4: 11, IPv6: 0, Min Delay: 55 ms, Max Speed: 89.68 M/s, Avg Speed: 43.66 M/s, Max Resolution: 1920x1080
Category: 📡卫视频道, Name: 宁夏卫视, Total: 13, Valid: 13, Valid Percent: 100.00%, Whitelist: 0, IPv4: 13, IPv6: 0, Min Delay: 55 ms, Max Speed: 89.68 M/s, Avg Speed: 44.14 M/s, Max Resolution: 1920x1080
Category: 📡卫视频道, Name: 青海卫视, Total: 15, Valid: 15, Valid Percent: 100.00%, Whitelist: 0, IPv4: 15, IPv6: 0, Min Delay: 55 ms, Max Speed: 89.68 M/s, Avg Speed: 50.06 M/s, Max Resolution: 1920x1080
Category: 📡卫视频道, Name: 山东卫视, Total: 19, Valid: 18, Valid Percent: 94.74%, Whitelist: 0, IPv4: 19, IPv6: 0, Min Delay: 55 ms, Max Speed: 89.68 M/s, Avg Speed: 37.24 M/s, Max Resolution: 1920x1080
Category: 📡卫视频道, Name: 山西卫视, Total: 11, Valid: 11, Valid Percent: 100.00%, Whitelist: 0, IPv4: 11, IPv6: 0, Min Delay: 55 ms, Max Speed: 89.68 M/s, Avg Speed: 43.66 M/s, Max Resolution: 1920x1080
Category: 📡卫视频道, Name: 陕西卫视, Total: 11, Valid: 11, Valid Percent: 100.00%, Whitelist: 0, IPv4: 11, IPv6: 0, Min Delay: 55 ms, Max Speed: 89.68 M/s, Avg Speed: 28.23 M/s, Max Resolution: 1920x1080
Category: 📡卫视频道, Name: 四川卫视, Total: 18, Valid: 17, Valid Percent: 94.44%, Whitelist: 0, IPv4: 18, IPv6: 0, Min Delay: 55 ms, Max Speed: 89.68 M/s, Avg Speed: 54.72 M/s, Max Resolution: 1920x1080
Category: 📡卫视频道, Name: 深圳卫视, Total: 18, Valid: 18, Valid Percent: 100.00%, Whitelist: 0, IPv4: 18, IPv6: 0, Min Delay: 55 ms, Max Speed: 89.68 M/s, Avg Speed: 37.04 M/s, Max Resolution: 1920x1080
Category: 📡卫视频道, Name: 三沙卫视, Total: 11, Valid: 11, Valid Percent: 100.00%, Whitelist: 0, IPv4: 11, IPv6: 0, Min Delay: 55 ms, Max Speed: 89.68 M/s, Avg Speed: 51.18 M/s, Max Resolution: 1920x1080
Category: 📡卫视频道, Name: 天津卫视, Total: 14, Valid: 14, Valid Percent: 100.00%, Whitelist: 0, IPv4: 14, IPv6: 0, Min Delay: 55 ms, Max Speed: 89.68 M/s, Avg Speed: 41.09 M/s, Max Resolution: 1920x1080
Category: 📡卫视频道, Name: 西藏卫视, Total: 10, Valid: 10, Valid Percent: 100.00%, Whitelist: 0, IPv4: 10, IPv6: 0, Min Delay: 55 ms, Max Speed: 89.68 M/s, Avg Speed: 46.89 M/s, Max Resolution: 1920x1080
Category: 📡卫视频道, Name: 新疆卫视, Total: 16, Valid: 16, Valid Percent: 100.00%, Whitelist: 0, IPv4: 16, IPv6: 0, Min Delay: 55 ms, Max Speed: 89.68 M/s, Avg Speed: 30.15 M/s, Max Resolution: 1920x1080
Category: 📡卫视频道, Name: 云南卫视, Total: 19, Valid: 18, Valid Percent: 94.74%, Whitelist: 0, IPv4: 19, IPv6: 0, Min Delay: 55 ms, Max Speed: 89.68 M/s, Avg Speed: 46.73 M/s, Max Resolution: 1920x1080
